<?php

namespace App\Models\{{dir}};

use RealPage\EnterpriseServices\Models\Traits\AuditColumnsTrait;

/**
 * Class {{model}} - Eloquent Model.
 *
 * @package App\Models\{{dir}}
 */
class {{model}} extends AbstractBaseModel
{
    use AuditColumnsTrait;

    /**
     * @var string
     */
    protected $table = '{{resource}}';

    /**
     * @var string
     */
    protected $primaryKey = '';

    /**
     * The attributes that are mass assignable.
     *
     * @var array
     */
    protected $guarded = [];

    /**
     * Indicates if the model should be timestamped.
     *
     * @var bool
     */
    public $timestamps = false;

    /**
     * The attributes that should be mutated to dates.
     *
     * @var array
     */
    protected $dates = [
        'createdat',
        'modifiedat',
    ];

    public static function boot()
    {
        parent::boot();

        static::creating(function ($model) {
            return self::setAuditColumns($model, true);
        });

        static::updating(function ($model) {
            return self::setAuditColumns($model, false, true);
        });
    }
}
