<?php

namespace App\Http\Middleware\Validators\{{model}};

use RealPage\EnterpriseServices\Validators\AbstractApiValidator;
use Illuminate\Http\Request;

/**
 * Class {{model}}Validator Validates {{model}} entity
 *
 * @package App\Http\Middleware\Validators\{{model}}
 */
class {{model}}Validator extends AbstractApiValidator
{
    /**
     * Validation rules to be applied on the request payload for POST/PUT/PATCH requests and request params for GET/HEAD.
     *
     * @param Request $request Http Request
     *
     * @return array of rules
     */
    public function rules(Request $request) : array
    {
        $baseRules = [
            'data.type' => 'in:{{modelObj}}'
        ];
        $rules = [];
        switch ($request->getMethod()) {
            case 'POST':
                $rules = [
                    parent::ATTRIBUTE_ACCESSOR_PREFIX.'createdBy' => 'required|string',
                ];
                break;
            case 'PUT':
                $rules =  [
                    parent::ATTRIBUTE_ACCESSOR_PREFIX.'modifiedBy' => 'required|string',
                ];
                break;
            case 'PATCH':
                $rules =  [
                    parent::ATTRIBUTE_ACCESSOR_PREFIX.'modifiedBy' => 'required|string',
                ];
                break;
            case 'DELETE':
                return [
                    'modifiedBy' => 'required|string'
                ];
            default:
                return [];
        }
        return array_merge($baseRules, $rules);
    }
}
